
> juushin-care-system@1.0.0-prod-ready build C:\dev\juushin-care-system-v0-careapp8
> next build

   笆ｲ Next.js 15.5.9
   - Environments: .env.local

   Creating an optimized production build ...
 笨・Compiled successfully in 13.0s
   Skipping validation of types
   Skipping linting
   Collecting page data ...
   Generating static pages (0/28) ...
   Generating static pages (7/28) 
   Generating static pages (14/28) 
   Generating static pages (21/28) 
 笨・Generating static pages (28/28)
   Finalizing page optimization ...
   Collecting build traces ...
